statsmodels.miscmodels.count.NonlinearDeltaCov.expected
=======================================================

.. currentmodule:: statsmodels.miscmodels.count

.. automethod:: NonlinearDeltaCov.expected